# [已刪除]_19d81f77-4c32-8f

**chat_id**: `19d81f77-4c32-8fac-8000-093453a3b08a`  |  **消息數**: 20

---

### 🤖 Kimi
*2026-04-14T18:46:23.688797Z*

没有，这是 OpenClaw 的 CLI 文档，不是路由器布置计划。

---

## 之前给的路由器方案

| 方案 | 状态 |
|:---|:---|
| **方案一 基础版** | ✅ 完成（PPPoE、SmartDNS、Tailscale、SSD、Samba）|
| **方案二 下载+媒体版** | 待做（Aria2、qBittorrent、Jellyfin、Alist）|
| **方案三 All-in-One** | 待做（科学上网、Docker、Home Assistant）|

---

## 方案二内容（3个阶段）

| 阶段 | 内容 |
|:---|:---|
| **1. 下载工具** | Aria2 + qBittorrent |
| **2. 媒体管理** | Jellyfin 影音库 + Alist 网盘聚合 |
| **3. 自动化** | Rclone 同步 + 定时任务 |

---

## 现在继续方案二？

还是你要把方案二拆成 **3 个阶段** 给 OpenClaw 执行？

---

**继续方案二，还是重新整理 3 阶段计划？**

---

### 🧑 用戶
*2026-04-14T18:46:23.688795Z*

这里面有3个阶段布置路由器的计划吗？

---

### 🤖 Kimi
*2026-04-12T20:13:41.597455Z*

*[無內容]*

---

### 🧑 用戶
*2026-04-12T20:13:41.597452Z*

CLI引导是推荐在macOS上设置OpenClaw的方法， Linux，或者Windows（通过WSL2;强烈推荐）。 它配置本地网关或远程网关连接，以及通道、技能， 以及一个引导流中的工作区默认值。
￼
openclaw onboard
￼
最快的第一次聊天：打开控制界面（无需设置频道）。在浏览器里运行并聊天。医生：openclaw dashboard仪表盘.
稍后重新配置：
￼
openclaw configure
openclaw agents add <name>
￼
--json并不意味着非交互模式。对于脚本，使用。--non-interactive
￼
CLI的入职流程包括一个网页搜索步骤，您可以选择服务提供商 例如Brave、DuckDuckGo、Exa、Firecrawl、Gemini、Grok、Kimi、MiniMax搜索， Ollama Web 搜索、Perplexity、SearXNG 或 Tavily 都有。有些服务商要求 API 密钥，而其他则是无密钥的。你也可以稍后用 来配置。医生：openclaw configure --section web网页工具.
​
￼
快速入门与高级
入职从快速启动（默认）开始，而高级（完全控制）。
快速启动（默认）
高级（完全控制）
暴露每一步（模式、工作区、网关、通道、守护进程、技能）。
​
￼
入职配置包含哪些内容
本地模式（默认）会带你完成以下步骤：
1. 模型/认证——选择任何支持的提供者/认证流程（API 密钥、OAuth 或提供者专用手动认证），包括自定义提供者 （兼容OpenAI、兼容Anthropic或Unknown自动检测）。选择一个默认型号。 安全提示：如果该代理运行工具或处理webhook/hooks内容，请优先使用最强的最新生成模型，并严格执行工具策略。较弱或较老的版本更容易通过提示注入。 对于非交互式运行，将 env 支持的引用存储在认证配置文件中，而非纯文本 API 键值。 在非交互模式下，必须设置提供者 env var;如果没有这个环境变量，通过内联键标志会很快失败。 在交互运行中，选择秘密引用模式可以指向环境变量或已配置的提供者参考（或），并在保存前快速进行预检验证。 对于Anthropic，交互式引导/配置将Anthropic Claude CLI作为首选本地路径，Anthropic API密钥作为推荐生产路径。Anthropic 设置令牌也作为支持的令牌认证路径继续可用。--secret-input-mode refreffileexec
2. 工作区 — 代理文件的位置（默认）。种子启动文件。~/.openclaw/workspace
3. 网关——端口、绑定地址、认证模式、Tailscale暴露。 在交互式令牌模式中，选择默认的明文令牌存储或启用SecretRef。 非交互式令牌 SecretRef 路径： 。--gateway-token-ref-env <ENV_VAR>
4. 频道——内置和捆绑的聊天频道，如BlueBubbles、Discord、Feishu、Google Chat、Mattermost、Microsoft Teams、QQ Bot、Signal、Slack、Telegram、WhatsApp等。
5. Daemon — 安装 LaunchAgent（macOS）、systemd 用户单元（Linux/WSL2）或原生 Windows 计划任务，并支持每用户启动文件夹的备份。 如果令牌认证需要令牌且由 SecretRef 管理，守护进程安装会验证该令牌，但不会将已解析的令牌持久化到监督服务环境的元数据中。 如果令牌认证需要令牌且配置的令牌 SecretRef 未解决，守护进程安装会被阻止，并提供可操作的指导。 如果 和 都被配置且未设置，守护进程安装会被阻止，直到模式被明确设置。gateway.auth.tokengateway.auth.tokengateway.auth.passwordgateway.auth.mode
6. 健康检查——启动网关并确认其运行。
7. 技能——安装推荐技能和可选依赖。
￼
除非你明确选择重置（或放弃），否则重新运行入职不会清除任何东西。 CLI 默认为配置、凭证和会话;曾经包含工作空间。 如果配置无效或包含遗留密钥，入门程序会要求你先运行。--reset--reset--reset-scope fullopenclaw doctor
远程模式仅配置本地客户端连接到其他网关。 它不会在远程主机上安装或更改任何东西。
​
￼
添加另一位代理
使用 来创建一个独立的代理，并拥有自己的工作区， 会话和认证配置文件。没有启动的引导。openclaw agents add <name>--workspace
它设定的内容：
agents.list[].name
agents.list[].workspace
agents.list[].agentDir
注释：
默认工作区随后出现。~/.openclaw/workspace-<agentId>
添加进站消息的路由（入职可以做到这一点）。bindings
非交互式旗帜：， ， ， ， 。--model--agent-dir--bind--non-interactive
​
￼
完整参考文献
有关详细的逐步分解和配置输出，请参见CLI设置参考. 非交互式示例请参见CLI自动化. 有关更深入的技术参考，包括RPC细节，请参见入职参考.

---

### 🤖 Kimi
*2026-04-12T20:11:08.473575Z*

看到了，时间 04:11，OpenClaw 又启动了，还是同样的提示。

---

## 问题

Kimi k2p5 响应慢，可能：
- 网络问题
- Kimi API 服务问题
- 配置未正确生效

---

## 快速解决

**直接用 Ollama 本地模型**，不依赖网络：

```bash
# 在 OpenClaw Web UI 输入框
/provider ollama
```

或
```
/model ollama/qwen2.5:7b
```

---

## 或 SSH 直接布置路由器

不用 OpenClaw，直接手动执行：

```bash
ssh root@192.168.8.1
opkg update
opkg install aria2 luci-app-aria2
```

---

**切换 Ollama，还是直接 SSH 手动装？**

---

### 🧑 用戶
*2026-04-12T20:11:08.473572Z*

OpenClaw 2026.4.11 (769908e) — Your .zshrc wishes it could do what I do.

Dashboard URL: http://127.0.0.1:18789/#token=7e0733606da129bb604ce2ade4dbca3d46899b9a137c8e26
Copied to clipboard.
Opened in your browser. Keep that tab to control OpenClaw.
lz@PC-20260405HXVM:~$

---

### 🤖 Kimi
*2026-04-12T20:09:55.274427Z*

看到了，OpenClaw 提示任务已排队， dignity deprecated（尊严已弃用），这是幽默提示。

Dashboard URL 已复制，浏览器已打开。

---

## 当前状态

| 项目 | 状态 |
|:---|:---|
| OpenClaw Web UI | 运行中 |
| 模型 | k2p5（但响应慢）|
| 任务 | 可能卡住或排队 |

---

## 解决响应慢

**重启 OpenClaw 服务**：
```bash
pkill -f openclaw
openclaw dashboard
```

或 **切换 Ollama**：
```bash
# 在 Web UI 输入
/provider ollama
```

---

**重启 OpenClaw，还是切换 Ollama？**

---

### 🧑 用戶
*2026-04-12T20:09:55.274424Z*

🦞 OpenClaw 2026.4.11 (769908e) — Your task has been queued; your dignity has been deprecated.

Dashboard URL: http://127.0.0.1:18789/#token=7e0733606da129bb604ce2ade4dbca3d46899b9a137c8e26
Copied to clipboard.
Opened in your browser. Keep that tab to control OpenClaw.
lz@PC-20260405HXVM:~$

---

### 🤖 Kimi
*2026-04-12T20:04:03.143233Z*

看到了，OpenClaw 界面显示模型是 **k2p5**，但回复慢。

---

## 原因

| 可能 | 说明 |
|:---|:---|
| **Kimi API 响应慢** | 网络延迟或服务器负载高 |
| **k2p5 模型问题** | 虽然显示连接，但实际请求卡住 |
| **OpenClaw 配置问题** | 模型切换后未真正生效 |

---

## 测试

在 OpenClaw 输入框发送：
```
ping
```

看多久回复。如果超过 10 秒，就是 API 问题。

---

## 切换回 Ollama 对比

```bash
/provider ollama
```

或
```
/model ollama/qwen2.5:7b
```

测试本地模型速度。

---

## 结论

Kimi k2p5 可能不稳定，**用 Ollama 本地模型更快更稳**。

---

**测试 `ping`，或切换 `/provider ollama` 对比速度。**

---

### 🧑 用戶
*2026-04-12T20:04:03.143228Z*

那点没有正对吗？还没有我ollama的龙虾说话快

---

### 🤖 Kimi
*2026-04-12T20:02:47.182192Z*

这是路由器内核日志，显示 **MT3600BE 重启了**，不是断网。

---

## 关键信息

| 时间 | 事件 |
|:---|:---|
| 04:00:09 | 内核启动，Linux 5.4.281 |
| 04:00:09 | MT7987 2.5GbE PHY 初始化 |
| 04:00:09 | eth0 链路 up（1Gbps）|
| 04:00:09 | WiFi mt7993 初始化 |
| 04:00:09 | 系统启动完成 |

---

## 可能原因

| 原因 | 说明 |
|:---|:---|
| **定时重启** | 你之前设置了每周一 4:00 重启 |
| **手动重启** | 有人按了重启按钮 |
| **系统崩溃** | 但日志显示正常启动，无崩溃痕迹 |

---

## 确认

今天是 **周一** 吗？如果是，就是 **定时任务生效了**。

---

**今天周一吗？路由器按计划重启了。**

---

### 🧑 用戶
*2026-04-12T20:02:47.182189Z*

Mon Apr 13 04:00:09 2026 kern.info kernel: [    0.000000] Booting Linux on physical CPU 0x0000000000 [0x410fd034]
Mon Apr 13 04:00:09 2026 kern.notice kernel: [    0.000000] Linux version 5.4.281 (xinxing@gl-System-Product-Name) (gcc version 8.4.0 (OpenWrt GCC 8.4.0 )) #0 SMP Wed Apr 1 12:23:57 2026
Mon Apr 13 04:00:09 2026 kern.info kernel: [    0.000000] Machine model: GL.iNet GL-MT3600BE
Mon Apr 13 04:00:09 2026 kern.info kernel: [    0.000000] earlycon: uart8250 at MMIO32 0x0000000011000000 (options '')
Mon Apr 13 04:00:09 2026 kern.info kernel: [    0.000000] printk: bootconsole [uart8250] enabled
Mon Apr 13 04:00:09 2026 kern.debug kernel: [    0.000000] On node 0 totalpages: 130752
Mon Apr 13 04:00:09 2026 kern.debug kernel: [    0.000000]   DMA32 zone: 2047 pages used for memmap
Mon Apr 13 04:00:09 2026 kern.debug kernel: [    0.000000]   DMA32 zone: 0 pages reserved
Mon Apr 13 04:00:09 2026 kern.debug kernel: [    0.000000]   DMA32 zone: 130752 pages, LIFO batch:31
Mon Apr 13 04:00:09 2026 kern.info kernel: [    0.000000] psci: probing for conduit method from DT.
Mon Apr 13 04:00:09 2026 kern.info kernel: [    0.000000] psci: PSCIv1.1 detected in firmware.
Mon Apr 13 04:00:09 2026 kern.info kernel: [    0.000000] psci: Using standard PSCI v0.2 function IDs
Mon Apr 13 04:00:09 2026 kern.info kernel: [    0.000000] psci: MIGRATE_INFO_TYPE not supported.
Mon Apr 13 04:00:09 2026 kern.info kernel: [    0.000000] psci: SMC Calling Convention v1.0
Mon Apr 13 04:00:09 2026 kern.info kernel: [    0.000000] percpu: Embedded 20 pages/cpu s44760 r8192 d28968 u81920
Mon Apr 13 04:00:09 2026 kern.debug kernel: [    0.000000] pcpu-alloc: s44760 r8192 d28968 u81920 alloc=20*4096
Mon Apr 13 04:00:09 2026 kern.debug kernel: [    0.000000] pcpu-alloc: [0] 0 [0] 1 [0] 2 [0] 3
Mon Apr 13 04:00:09 2026 kern.info kernel: [    0.000000] Detected VIPT I-cache on CPU0
Mon Apr 13 04:00:09 2026 kern.info kernel: [    0.000000] CPU features: detected: GIC system register CPU interface
Mon Apr 13 04:00:09 2026 kern.info kernel: [    0.000000] CPU features: kernel page table isolation disabled by kernel configuration
Mon Apr 13 04:00:09 2026 kern.info kernel: [    0.000000] Built 1 zonelists, mobility grouping on.  Total pages: 128705
Mon Apr 13 04:00:09 2026 kern.notice kernel: [    0.000000] Kernel command line: console=ttyS0,115200n1 loglevel=8  			    earlycon=uart8250,mmio32,0x11000000 			    pci=pcie_bus_perf
Mon Apr 13 04:00:09 2026 kern.info kernel: [    0.000000] Dentry cache hash table entries: 65536 (order: 7, 524288 bytes, linear)
Mon Apr 13 04:00:09 2026 kern.info kernel: [    0.000000] Inode-cache hash table entries: 32768 (order: 6, 262144 bytes, linear)
Mon Apr 13 04:00:09 2026 kern.info kernel: [    0.000000] mem auto-init: stack:off, heap alloc:off, heap free:off
Mon Apr 13 04:00:09 2026 kern.info kernel: [    0.000000] Memory: 492376K/523008K available (7934K kernel code, 644K rwdata, 2524K rodata, 448K init, 308K bss, 30632K reserved, 0K cma-reserved)
Mon Apr 13 04:00:09 2026 kern.info kernel: [    0.000000] SLUB: HWalign=64, Order=0-3, MinObjects=0, CPUs=4, Nodes=1
Mon Apr 13 04:00:09 2026 kern.info kernel: [    0.000000] rcu: Hierarchical RCU implementation.
Mon Apr 13 04:00:09 2026 kern.info kernel: [    0.000000] rcu: 	CONFIG_RCU_FANOUT set to non-default value of 32.
Mon Apr 13 04:00:09 2026 kern.info kernel: [    0.000000] rcu: RCU calculated value of scheduler-enlistment delay is 25 jiffies.
Mon Apr 13 04:00:09 2026 kern.info kernel: [    0.000000] NR_IRQS: 64, nr_irqs: 64, preallocated irqs: 0
Mon Apr 13 04:00:09 2026 kern.info kernel: [    0.000000] GICv3: GIC: Using split EOI/Deactivate mode
Mon Apr 13 04:00:09 2026 kern.info kernel: [    0.000000] GICv3: 640 SPIs implemented
Mon Apr 13 04:00:09 2026 kern.info kernel: [    0.000000] GICv3: 0 Extended SPIs implemented
Mon Apr 13 04:00:09 2026 kern.info kernel: [    0.000000] GICv3: Distributor has no Range Selector support
Mon Apr 13 04:00:09 2026 kern.info kernel: [    0.000000] GICv3: 16 PPIs implemented
Mon Apr 13 04:00:09 2026 kern.info kernel: [    0.000000] GICv3: no VLPI support, no direct LPI support
Mon Apr 13 04:00:09 2026 kern.info kernel: [    0.000000] GICv3: CPU0: found redistributor 0 region 0:0x000000000c080000
Mon Apr 13 04:00:09 2026 kern.info kernel: [    0.000000] arch_timer: cp15 timer(s) running at 13.00MHz (phys).
Mon Apr 13 04:00:09 2026 kern.info kernel: [    0.000000] clocksource: arch_sys_counter: mask: 0xffffffffffffff max_cycles: 0x2ff89eacb, max_idle_ns: 440795202429 ns
Mon Apr 13 04:00:09 2026 kern.info kernel: [    0.000003] sched_clock: 56 bits at 13MHz, resolution 76ns, wraps every 4398046511101ns
Mon Apr 13 04:00:09 2026 kern.info kernel: [    0.008207] Calibrating delay loop (skipped), value calculated using timer frequency.. 26.00 BogoMIPS (lpj=52000)
Mon Apr 13 04:00:09 2026 kern.info kernel: [    0.018534] pid_max: default: 32768 minimum: 301
Mon Apr 13 04:00:09 2026 kern.info kernel: [    0.023242] Mount-cache hash table entries: 1024 (order: 1, 8192 bytes, linear)
Mon Apr 13 04:00:09 2026 kern.info kernel: [    0.030596] Mountpoint-cache hash table entries: 1024 (order: 1, 8192 bytes, linear)
Mon Apr 13 04:00:09 2026 kern.info kernel: [    0.039210] ASID allocator initialised with 65536 entries
Mon Apr 13 04:00:09 2026 kern.info kernel: [    0.044695] rcu: Hierarchical SRCU implementation.
Mon Apr 13 04:00:09 2026 kern.info kernel: [    0.049811] smp: Bringing up secondary CPUs ...
Mon Apr 13 04:00:09 2026 kern.info kernel: [    0.054624] Detected VIPT I-cache on CPU1
Mon Apr 13 04:00:09 2026 kern.info kernel: [    0.054643] GICv3: CPU1: found redistributor 1 region 0:0x000000000c0a0000
Mon Apr 13 04:00:09 2026 kern.info kernel: [    0.054662] CPU1: Booted secondary processor 0x0000000001 [0x410fd034]
Mon Apr 13 04:00:09 2026 kern.info kernel: [    0.054927] Detected VIPT I-cache on CPU2
Mon Apr 13 04:00:09 2026 kern.info kernel: [    0.054936] GICv3: CPU2: found redistributor 2 region 0:0x000000000c0c0000
Mon Apr 13 04:00:09 2026 kern.info kernel: [    0.054944] CPU2: Booted secondary processor 0x0000000002 [0x410fd034]
Mon Apr 13 04:00:09 2026 kern.info kernel: [    0.055173] Detected VIPT I-cache on CPU3
Mon Apr 13 04:00:09 2026 kern.info kernel: [    0.055180] GICv3: CPU3: found redistributor 3 region 0:0x000000000c0e0000
Mon Apr 13 04:00:09 2026 kern.info kernel: [    0.055188] CPU3: Booted secondary processor 0x0000000003 [0x410fd034]
Mon Apr 13 04:00:09 2026 kern.info kernel: [    0.055216] smp: Brought up 1 node, 4 CPUs
Mon Apr 13 04:00:09 2026 kern.info kernel: [    0.111834] SMP: Total of 4 processors activated.
Mon Apr 13 04:00:09 2026 kern.info kernel: [    0.116562] CPU features: detected: 32-bit EL0 Support
Mon Apr 13 04:00:09 2026 kern.info kernel: [    0.121725] CPU features: detected: CRC32 instructions
Mon Apr 13 04:00:09 2026 kern.info kernel: [    0.126981] CPU: All CPU(s) started at EL2
Mon Apr 13 04:00:09 2026 kern.info kernel: [    0.131104] alternatives: patching kernel code
Mon Apr 13 04:00:09 2026 kern.info kernel: [    0.137947] clocksource: jiffies: mask: 0xffffffff max_cycles: 0xffffffff, max_idle_ns: 7645041785100000 ns
Mon Apr 13 04:00:09 2026 kern.info kernel: [    0.147773] futex hash table entries: 1024 (order: 4, 65536 bytes, linear)
Mon Apr 13 04:00:09 2026 kern.info kernel: [    0.154780] pinctrl core: initialized pinctrl subsystem
Mon Apr 13 04:00:09 2026 kern.info kernel: [    0.160616] NET: Registered protocol family 16
Mon Apr 13 04:00:09 2026 kern.info kernel: [    0.165281] DMA: preallocated 256 KiB pool for atomic allocations
Mon Apr 13 04:00:09 2026 kern.info kernel: [    0.172387] printk: console [pstore-1] enabled
Mon Apr 13 04:00:09 2026 kern.info kernel: [    0.176915] pstore: Registered ramoops as persistent store backend
Mon Apr 13 04:00:09 2026 kern.info kernel: [    0.183134] ramoops: using 0x10000@0x5ffb0000, ecc: 0
Mon Apr 13 04:00:09 2026 kern.info kernel: [    0.189803] GPIO line 498 (pcie1pereset) hogged as output/high
Mon Apr 13 04:00:09 2026 kern.info kernel: [    0.202467] cryptd: max_cpu_qlen set to 1000
Mon Apr 13 04:00:09 2026 kern.notice kernel: [    0.208532] SCSI subsystem initialized
Mon Apr 13 04:00:09 2026 kern.debug kernel: [    0.212430] libata version 3.00 loaded.
Mon Apr 13 04:00:09 2026 kern.info kernel: [    0.216540] usbcore: registered new interface driver usbfs
Mon Apr 13 04:00:09 2026 kern.info kernel: [    0.222082] usbcore: registered new interface driver hub
Mon Apr 13 04:00:09 2026 kern.info kernel: [    0.227466] usbcore: registered new device driver usb
Mon Apr 13 04:00:09 2026 kern.info kernel: [    0.232561] videodev: Linux video capture interface: v2.00
Mon Apr 13 04:00:09 2026 kern.info kernel: [    0.238098] pps_core: LinuxPPS API ver. 1 registered
Mon Apr 13 04:00:09 2026 kern.info kernel: [    0.243089] pps_core: Software ver. 5.3.6 - Copyright 2005-2007 Rodolfo Giometti <giometti@linux.it>
Mon Apr 13 04:00:09 2026 kern.info kernel: [    0.252286] PTP clock support registered
Mon Apr 13 04:00:09 2026 kern.info kernel: [    0.256968] Bluetooth: Core ver 2.22
Mon Apr 13 04:00:09 2026 kern.info kernel: [    0.260592] NET: Registered protocol family 31
Mon Apr 13 04:00:09 2026 kern.info kernel: [    0.265058] Bluetooth: HCI device and connection manager initialized
Mon Apr 13 04:00:09 2026 kern.info kernel: [    0.271451] Bluetooth: HCI socket layer initialized
Mon Apr 13 04:00:09 2026 kern.info kernel: [    0.276356] Bluetooth: L2CAP socket layer initialized
Mon Apr 13 04:00:09 2026 kern.info kernel: [    0.281439] Bluetooth: SCO socket layer initialized
Mon Apr 13 04:00:09 2026 kern.info kernel: [    0.286652] clocksource: Switched to clocksource arch_sys_counter
Mon Apr 13 04:00:09 2026 kern.info kernel: [    0.293291] thermal_sys: Registered thermal governor 'step_wise'
Mon Apr 13 04:00:09 2026 kern.info kernel: [    0.293293] thermal_sys: Registered thermal governor 'user_space'
Mon Apr 13 04:00:09 2026 kern.info kernel: [    0.299658] NET: Registered protocol family 2
Mon Apr 13 04:00:09 2026 kern.info kernel: [    0.310242] IP idents hash table entries: 8192 (order: 4, 65536 bytes, linear)
Mon Apr 13 04:00:09 2026 kern.info kernel: [    0.317846] tcp_listen_portaddr_hash hash table entries: 256 (order: 0, 4096 bytes, linear)
Mon Apr 13 04:00:09 2026 kern.info kernel: [    0.326285] TCP established hash table entries: 4096 (order: 3, 32768 bytes, linear)
Mon Apr 13 04:00:09 2026 kern.info kernel: [    0.334094] TCP bind hash table entries: 4096 (order: 4, 65536 bytes, linear)
Mon Apr 13 04:00:09 2026 kern.info kernel: [    0.341309] TCP: Hash tables configured (established 4096 bind 4096)
Mon Apr 13 04:00:09 2026 kern.warn kernel: [    0.347759] mptcp init
Mon Apr 13 04:00:09 2026 kern.info kernel: [    0.347796] MPTCP token hash table entries: 512 (order: 1, 12288 bytes, linear)
Mon Apr 13 04:00:09 2026 kern.info kernel: [    0.357543] UDP hash table entries: 256 (order: 1, 8192 bytes, linear)
Mon Apr 13 04:00:09 2026 kern.info kernel: [    0.364117] UDP-Lite hash table entries: 256 (order: 1, 8192 bytes, linear)
Mon Apr 13 04:00:09 2026 kern.info kernel: [    0.371194] NET: Registered protocol family 1
Mon Apr 13 04:00:09 2026 kern.info kernel: [    0.375588] PCI: CLS 0 bytes, default 64
Mon Apr 13 04:00:09 2026 kern.info kernel: [    0.381626] workingset: timestamp_bits=46 max_order=17 bucket_order=0
Mon Apr 13 04:00:09 2026 kern.info kernel: [    0.390427] squashfs: version 4.0 (2009/01/31) Phillip Lougher
Mon Apr 13 04:00:09 2026 kern.info kernel: [    0.396311] jffs2: version 2.2 (NAND) (SUMMARY) (LZMA) (RTIME) (CMODE_PRIORITY) (c) 2001-2006 Red Hat, Inc.
Mon Apr 13 04:00:09 2026 kern.warn kernel: [    0.427933] Debug interface error
Mon Apr 13 04:00:09 2026 kern.info kernel: [    0.431386] Block layer SCSI generic (bsg) driver version 0.4 loaded (major 246)
Mon Apr 13 04:00:09 2026 kern.info kernel: [    0.439255] phy phy-soc:usb-phy@11c50000.1: type_sw - reg 0x218, index 0
Mon Apr 13 04:00:09 2026 kern.info kernel: [    0.446341] gpio-export gpio-export: 1 gpio(s) exported
Mon Apr 13 04:00:09 2026 kern.info kernel: [    0.452023] mtk-pcie 11280000.pcie: host bridge /soc/pcie@11280000 ranges:
Mon Apr 13 04:00:09 2026 kern.debug kernel: [    0.458955] mtk-pcie 11280000.pcie: Parsing ranges property...
Mon Apr 13 04:00:09 2026 kern.info kernel: [    0.464835] mtk-pcie 11280000.pcie:    IO 0x20000000..0x201fffff -> 0x20000000
Mon Apr 13 04:00:09 2026 kern.info kernel: [    0.472108] mtk-pcie 11280000.pcie:   MEM 0x20200000..0x2fffffff -> 0x20200000
Mon Apr 13 04:00:09 2026 kern.err kernel: [    0.479417] mtk-pcie 11280000.pcie: failed to get max link width
Mon Apr 13 04:00:09 2026 kern.info kernel: [    0.711810] mtk-pcie 11280000.pcie: PCI host bridge to bus 0000:00
Mon Apr 13 04:00:09 2026 kern.info kernel: [    0.718035] pci_bus 0000:00: root bus resource [bus 00-ff]
Mon Apr 13 04:00:09 2026 kern.info kernel: [    0.723554] pci_bus 0000:00: root bus resource [io  0x0000-0x1fffff] (bus address [0x20000000-0x201fffff])
Mon Apr 13 04:00:09 2026 kern.info kernel: [    0.733269] pci_bus 0000:00: root bus resource [mem 0x20200000-0x2fffffff]
Mon Apr 13 04:00:09 2026 kern.debug kernel: [    0.740183] pci_bus 0000:00: scanning bus
Mon Apr 13 04:00:09 2026 kern.info kernel: [    0.744229] pci 0000:00:00.0: [14c3:7987] type 01 class 0x060400
Mon Apr 13 04:00:09 2026 kern.info kernel: [    0.750295] pci 0000:00:00.0: reg 0x10: [mem 0x00000000-0x00007fff 64bit]
Mon Apr 13 04:00:09 2026 kern.info kernel: [    0.757194] pci 0000:00:00.0: PME# supported from D0 D3hot D3cold
Mon Apr 13 04:00:09 2026 kern.debug kernel: [    0.763326] pci 0000:00:00.0: PME# disabled
Mon Apr 13 04:00:09 2026 kern.debug kernel: [    0.768496] pci_bus 0000:00: fixups for bus
Mon Apr 13 04:00:09 2026 kern.debug kernel: [    0.772706] pci 0000:00:00.0: scanning [bus 00-00] behind bridge, pass 0
Mon Apr 13 04:00:09 2026 kern.info kernel: [    0.779447] pci 0000:00:00.0: bridge configuration invalid ([bus 00-00]), reconfiguring
Mon Apr 13 04:00:09 2026 kern.debug kernel: [    0.787506] pci 0000:00:00.0: scanning [bus 00-00] behind bridge, pass 1
Mon Apr 13 04:00:09 2026 kern.debug kernel: [    0.794298] pci_bus 0000:01: scanning bus
Mon Apr 13 04:00:09 2026 kern.info kernel: [    0.798351] pci 0000:01:00.0: [14c3:7993] type 00 class 0x028000
Mon Apr 13 04:00:09 2026 kern.info kernel: [    0.804445] pci 0000:01:00.0: reg 0x10: [mem 0x00000000-0x001fffff 64bit]
Mon Apr 13 04:00:09 2026 kern.info kernel: [    0.811295] pci 0000:01:00.0: reg 0x18: [mem 0x00000000-0x00007fff 64bit]
Mon Apr 13 04:00:09 2026 kern.info kernel: [    0.818278] pci 0000:01:00.0: PME# supported from D0 D3hot D3cold
Mon Apr 13 04:00:09 2026 kern.debug kernel: [    0.824412] pci 0000:01:00.0: PME# disabled
Mon Apr 13 04:00:09 2026 kern.debug kernel: [    0.839474] pci_bus 0000:01: fixups for bus
Mon Apr 13 04:00:09 2026 kern.debug kernel: [    0.843685] pci_bus 0000:01: bus scan returning with max=01
Mon Apr 13 04:00:09 2026 kern.info kernel: [    0.849294] pci_bus 0000:01: busn_res: [bus 01-ff] end is updated to 01
Mon Apr 13 04:00:09 2026 kern.debug kernel: [    0.855952] pci_bus 0000:00: bus scan returning with max=01
Mon Apr 13 04:00:09 2026 kern.info kernel: [    0.861568] pci 0000:00:00.0: BAR 8: assigned [mem 0x20200000-0x204fffff]
Mon Apr 13 04:00:09 2026 kern.info kernel: [    0.868397] pci 0000:00:00.0: BAR 0: assigned [mem 0x20500000-0x20507fff 64bit]
Mon Apr 13 04:00:09 2026 kern.info kernel: [    0.875757] pci 0000:01:00.0: BAR 0: assigned [mem 0x20200000-0x203fffff 64bit]
Mon Apr 13 04:00:09 2026 kern.info kernel: [    0.883125] pci 0000:01:00.0: BAR 2: assigned [mem 0x20400000-0x20407fff 64bit]
Mon Apr 13 04:00:09 2026 kern.info kernel: [    0.890492] pci 0000:00:00.0: PCI bridge to [bus 01]
Mon Apr 13 04:00:09 2026 kern.info kernel: [    0.895485] pci 0000:00:00.0:   bridge window [mem 0x20200000-0x204fffff]
Mon Apr 13 04:00:09 2026 kern.info kernel: [    0.902328] pci 0000:00:00.0: Max Payload Size set to  256/ 256 (was  128), Max Read Rq  256
Mon Apr 13 04:00:09 2026 kern.info kernel: [    0.910840] pci 0000:01:00.0: Max Payload Size set to  256/ 256 (was  128), Max Read Rq  256
Mon Apr 13 04:00:09 2026 kern.debug kernel: [    0.919418] pcieport 0000:00:00.0: assign IRQ: got 79
Mon Apr 13 04:00:09 2026 kern.info kernel: [    0.924506] pcieport 0000:00:00.0: enabling device (0000 -> 0002)
Mon Apr 13 04:00:09 2026 kern.debug kernel: [    0.930648] pcieport 0000:00:00.0: enabling bus mastering
Mon Apr 13 04:00:09 2026 kern.info kernel: [    0.936830] pcieport 0000:00:00.0: PME: Signaling with IRQ 80
Mon Apr 13 04:00:09 2026 kern.info kernel: [    0.943492] Serial: 8250/16550 driver, 16 ports, IRQ sharing enabled
Mon Apr 13 04:00:09 2026 kern.info kernel: [    0.951378] printk: console [ttyS0] disabled
Mon Apr 13 04:00:09 2026 kern.info kernel: [    0.975812] 11000000.serial: ttyS0 at MMIO 0x11000000 (irq = 59, base_baud = 2500000) is a ST16650V2
Mon Apr 13 04:00:09 2026 kern.info kernel: [    0.985030] printk: console [ttyS0] enabled
Mon Apr 13 04:00:09 2026 kern.info kernel: [    0.993393] printk: bootconsole [uart8250] disabled
Mon Apr 13 04:00:09 2026 kern.info kernel: [    1.003636] mtk_rng soc:trng@1020f000: registered RNG driver
Mon Apr 13 04:00:09 2026 kern.notice kernel: [    1.003667] random: crng init done
Mon Apr 13 04:00:09 2026 kern.info kernel: [    1.012995] Loading iSCSI transport class v2.0-870.
Mon Apr 13 04:00:09 2026 kern.info kernel: [    1.020580] spi-nand spi1.0: calibration result: 0x2
Mon Apr 13 04:00:09 2026 kern.err kernel: [    1.026312] spi-nand spi1.0: CASN page check failed
Mon Apr 13 04:00:09 2026 kern.warn kernel: [    1.031189] spi-nand spi1.0: Fallback to read ID
Mon Apr 13 04:00:09 2026 kern.info kernel: [    1.035902] spi-nand spi1.0: Macronix SPI NAND was found.
Mon Apr 13 04:00:09 2026 kern.info kernel: [    1.041296] spi-nand spi1.0: 512 MiB, block size: 256 KiB, page size: 4096, OOB size: 128
Mon Apr 13 04:00:09 2026 kern.info kernel: [    1.052245] [mtk_hw_init] reset_lock:0, force:0
Mon Apr 13 04:00:09 2026 kern.info kernel: [    1.056900] [mtk_hw_init] execute fe cold reset
Mon Apr 13 04:00:09 2026 kern.info kernel: [    1.072435] mtk_soc_eth 15100000.ethernet: MDC is running on 2500000 Hz
Mon Apr 13 04:00:09 2026 kern.info kernel: [    1.456418] MediaTek MT7987 2.5GbE PHY mdio-bus:0f: Firmware date code: 2025/8/22, version: 7.1.0
Mon Apr 13 04:00:09 2026 kern.err kernel: [    1.477077] mtk_soc_eth 15100000.ethernet: generated random MAC address 3e:6a:f0:dd:cb:d1
Mon Apr 13 04:00:09 2026 kern.info kernel: [    1.485819] mtk_soc_eth 15100000.ethernet eth0: mediatek frame engine at 0xffffffc012100000, irq 71
Mon Apr 13 04:00:09 2026 kern.err kernel: [    1.494896] mtk_soc_eth 15100000.ethernet: generated random MAC address 52:64:a5:af:84:a5
Mon Apr 13 04:00:09 2026 kern.info kernel: [    1.503577] mtk_soc_eth 15100000.ethernet eth1: mediatek frame engine at 0xffffffc012100000, irq 71
Mon Apr 13 04:00:09 2026 kern.err kernel: [    1.512622] (unnamed net_device) (dummy): netif_napi_add() called with weight 256
Mon Apr 13 04:00:09 2026 kern.info kernel: [    1.520389] mtk_soc_eth 15100000.ethernet: DMA Monitor is running ! (v1.1.0)
Mon Apr 13 04:00:09 2026 kern.info kernel: [    1.527559] usbcore: registered new interface driver r8152
Mon Apr 13 04:00:09 2026 kern.info kernel: [    1.533051] usbcore: registered new interface driver ax88179_178a
Mon Apr 13 04:00:09 2026 kern.warn kernel: [    1.539285] xhci-mtk 11200000.xhci: 11200000.xhci supply vbus not found, using dummy regulator
Mon Apr 13 04:00:09 2026 kern.warn kernel: [    1.547915] xhci-mtk 11200000.xhci: 11200000.xhci supply vusb33 not found, using dummy regulator
Mon Apr 13 04:00:09 2026 kern.err kernel: [    1.556811] phy phy-soc:usb-phy@11c50000.0: try to get sw efuse
Mon Apr 13 04:00:09 2026 kern.err kernel: [    1.562723] phy phy-soc:usb-phy@11c50000.0: try to get sw efuse+
Mon Apr 13 04:00:09 2026 kern.info kernel: [    1.568734] phy phy-soc:usb-phy@11c50000.0: u2 auto load valid efuse: ENABLE with value: 1
Mon Apr 13 04:00:09 2026 kern.info kernel: [    1.576990] phy phy-soc:usb-phy@11c50000.0: u2 efuse - intr 15
Mon Apr 13 04:00:09 2026 kern.err kernel: [    1.582818] phy phy-soc:usb-phy@11c50000.1: try to get sw efuse
Mon Apr 13 04:00:09 2026 kern.err kernel: [    1.588728] phy phy-soc:usb-phy@11c50000.1: try to get sw efuse+
Mon Apr 13 04:00:09 2026 kern.info kernel: [    1.594730] phy phy-soc:usb-phy@11c50000.1: u3 auto load valid efuse: ENABLE with value: 1
Mon Apr 13 04:00:09 2026 kern.info kernel: [    1.603000] phy phy-soc:usb-phy@11c50000.1: u3 efuse - intr 0, rx_imp 11, tx_imp 10
Mon Apr 13 04:00:09 2026 kern.info kernel: [    1.610804] xhci-mtk 11200000.xhci: xHCI Host Controller
Mon Apr 13 04:00:09 2026 kern.info kernel: [    1.616123] xhci-mtk 11200000.xhci: new USB bus registered, assigned bus number 1
Mon Apr 13 04:00:09 2026 kern.info kernel: [    1.626582] xhci-mtk 11200000.xhci: hcc params 0x01443f99 hci version 0x120 quirks 0x0000000020210010
Mon Apr 13 04:00:09 2026 kern.info kernel: [    1.635826] xhci-mtk 11200000.xhci: irq 63, io mem 0x11200000
Mon Apr 13 04:00:09 2026 kern.info kernel: [    1.641640] xhci-mtk 11200000.xhci: xHCI Host Controller
Mon Apr 13 04:00:09 2026 kern.info kernel: [    1.646947] xhci-mtk 11200000.xhci: new USB bus registered, assigned bus number 2
Mon Apr 13 04:00:09 2026 kern.info kernel: [    1.654424] xhci-mtk 11200000.xhci: Host supports USB 3.2 Enhanced SuperSpeed
Mon Apr 13 04:00:09 2026 kern.info kernel: [    1.661846] hub 1-0:1.0: USB hub found
Mon Apr 13 04:00:09 2026 kern.info kernel: [    1.665696] hub 1-0:1.0: 1 port detected
Mon Apr 13 04:00:09 2026 kern.info kernel: [    1.669808] usb usb2: We don't know the algorithms for LPM for this host, disabling LPM.
Mon Apr 13 04:00:09 2026 kern.info kernel: [    1.678094] hub 2-0:1.0: USB hub found
Mon Apr 13 04:00:09 2026 kern.info kernel: [    1.681863] hub 2-0:1.0: 1 port detected
Mon Apr 13 04:00:09 2026 kern.info kernel: [    1.686128] usbcore: registered new interface driver uas
Mon Apr 13 04:00:09 2026 kern.info kernel: [    1.691479] usbcore: registered new interface driver usb-storage
Mon Apr 13 04:00:09 2026 kern.info kernel: [    1.697595] i2c /dev entries driver
Mon Apr 13 04:00:09 2026 kern.info kernel: [    1.702051] mtk-soc-temp-lvts 1100a000.lvts: [lvts_cal] golden_temp = 60
Mon Apr 13 04:00:09 2026 kern.info kernel: [    1.708759] mtk-soc-temp-lvts 1100a000.lvts: [lvts_cal] num:g_count:g_count_rc 0:19483:5200 1:19542:0
Mon Apr 13 04:00:09 2026 kern.info kernel: [    1.718674] mtk-soc-temp-lvts 1100a000.lvts: [COUNT_RC_NOW] 0:5205 1:5199
Mon Apr 13 04:00:09 2026 kern.info kernel: [    1.725566] mtk-soc-temp-lvts 1100a000.lvts: set_polling_speed 0, LVTSMONCTL1_0= 0x10000c,LVTSMONCTL2_0= 0x10001
Mon Apr 13 04:00:09 2026 kern.info kernel: [    1.735730] mtk-soc-temp-lvts 1100a000.lvts: set_hw_filter 0, LVTSMSRCTL0_0= 0xb6d
Mon Apr 13 04:00:09 2026 kern.info kernel: [    1.743290] mtk-soc-temp-lvts 1100a000.lvts: lvts0: read all 2 sensors in 5040 us, one in 2404 us
Mon Apr 13 04:00:09 2026 kern.info kernel: [    1.752151] mtk-soc-temp-lvts 1100a000.lvts: set_tc_hw_reboot_threshold: LVTS0, the dominator sensing point= 4
Mon Apr 13 04:00:09 2026 kern.info kernel: [    1.762583] mtk-wdt 1001c000.watchdog: Watchdog enabled (timeout=31 sec, nowayout=0)
Mon Apr 13 04:00:09 2026 kern.info kernel: [    1.770521] device-mapper: ioctl: 4.41.0-ioctl (2019-09-16) initialised: dm-devel@redhat.com
Mon Apr 13 04:00:09 2026 kern.info kernel: [    1.779024] Bluetooth: HCI UART driver ver 2.3
Mon Apr 13 04:00:09 2026 kern.info kernel: [    1.783468] Bluetooth: HCI UART protocol H4 registered
Mon Apr 13 04:00:09 2026 kern.info kernel: [    1.788603] Bluetooth: HCI UART protocol BCSP registered
Mon Apr 13 04:00:09 2026 kern.info kernel: [    1.793904] Bluetooth: HCI UART protocol ATH3K registered
Mon Apr 13 04:00:09 2026 kern.info kernel: [    1.799356] Bluetooth: HCI UART protocol Broadcom registered
Mon Apr 13 04:00:09 2026 kern.info kernel: [    1.805020] Bluetooth: HCI UART protocol QCA registered
Mon Apr 13 04:00:09 2026 kern.warn kernel: [    1.810468] cpu cpu0: dummy supplies not allowed for exclusive requests
Mon Apr 13 04:00:09 2026 kern.info kernel: [    1.818725] NET: Registered protocol family 10
Mon Apr 13 04:00:09 2026 kern.info kernel: [    1.823742] Segment Routing with IPv6
Mon Apr 13 04:00:09 2026 kern.info kernel: [    1.827470] NET: Registered protocol family 17
Mon Apr 13 04:00:09 2026 kern.notice kernel: [    1.831942] Bridge firewalling registered
Mon Apr 13 04:00:09 2026 kern.info kernel: [    1.836006] 8021q: 802.1Q VLAN Support v1.8
Mon Apr 13 04:00:09 2026 kern.info kernel: [    1.846116] nmbm nmbm_spim_nand: Signature found at block 2047 [0x1ffc0000]
Mon Apr 13 04:00:09 2026 kern.info kernel: [    1.854321] nmbm nmbm_spim_nand: First info table with writecount 0 found in block 1920
Mon Apr 13 04:00:09 2026 kern.info kernel: [    1.865966] nmbm nmbm_spim_nand: Second info table with writecount 0 found in block 1923
Mon Apr 13 04:00:09 2026 kern.info kernel: [    1.874055] nmbm nmbm_spim_nand: NMBM has been successfully attached
Mon Apr 13 04:00:09 2026 kern.notice kernel: [    1.880644] 7 fixed-partitions partitions found on MTD device nmbm_spim_nand
Mon Apr 13 04:00:09 2026 kern.notice kernel: [    1.887684] Creating 7 MTD partitions on "nmbm_spim_nand":
Mon Apr 13 04:00:09 2026 kern.notice kernel: [    1.893162] 0x000000000000-0x000000100000 : "BL2"
Mon Apr 13 04:00:09 2026 kern.notice kernel: [    1.898296] 0x000000100000-0x000000180000 : "u-boot-env"
Mon Apr 13 04:00:09 2026 kern.notice kernel: [    1.903956] 0x000000180000-0x000000580000 : "Factory"
Mon Apr 13 04:00:09 2026 kern.notice kernel: [    1.909302] 0x000000580000-0x000000780000 : "FIP"
Mon Apr 13 04:00:09 2026 kern.notice kernel: [    1.914289] 0x000000780000-0x0000007c0000 : "log"
Mon Apr 13 04:00:09 2026 kern.notice kernel: [    1.919297] 0x0000007c0000-0x000000800000 : "CFG"
Mon Apr 13 04:00:09 2026 kern.notice kernel: [    1.924309] 0x000000800000-0x00001e000000 : "ubi"
Mon Apr 13 04:00:09 2026 kern.notice kernel: [    1.930039] UBI: auto-attach mtd7
Mon Apr 13 04:00:09 2026 kern.notice kernel: [    1.933367] ubi0: attaching mtd7
Mon Apr 13 04:00:09 2026 kern.notice kernel: [    2.999553] ubi0: scanning is finished
Mon Apr 13 04:00:09 2026 kern.notice kernel: [    3.007821] ubi0: attached mtd7 (name "ubi", size 472 MiB)
Mon Apr 13 04:00:09 2026 kern.notice kernel: [    3.013309] ubi0: PEB size: 262144 bytes (256 KiB), LEB size: 253952 bytes
Mon Apr 13 04:00:09 2026 kern.notice kernel: [    3.020173] ubi0: min./max. I/O unit sizes: 4096/4096, sub-page size 4096
Mon Apr 13 04:00:09 2026 kern.notice kernel: [    3.026949] ubi0: VID header offset: 4096 (aligned 4096), data offset: 8192
Mon Apr 13 04:00:09 2026 kern.notice kernel: [    3.033898] ubi0: good PEBs: 1888, bad PEBs: 0, corrupted PEBs: 0
Mon Apr 13 04:00:09 2026 kern.notice kernel: [    3.039980] ubi0: user volume: 3, internal volumes: 1, max. volumes count: 128
Mon Apr 13 04:00:09 2026 kern.notice kernel: [    3.047190] ubi0: max/mean erase counter: 4/1, WL threshold: 4096, image sequence number: 1755502931
Mon Apr 13 04:00:09 2026 kern.notice kernel: [    3.056308] ubi0: available PEBs: 0, total reserved PEBs: 1888, PEBs reserved for bad PEB handling: 38
Mon Apr 13 04:00:09 2026 kern.notice kernel: [    3.065605] ubi0: background thread "ubi_bgt0d" started, PID 943
Mon Apr 13 04:00:09 2026 kern.info kernel: [    3.066297] block ubiblock0_1: created from ubi0:1(rootfs)
Mon Apr 13 04:00:09 2026 kern.notice kernel: [    3.077085] ubiblock: device ubiblock0_1 (rootfs) set to be root filesystem
Mon Apr 13 04:00:09 2026 kern.info kernel: [    3.084042] hctosys: unable to open rtc device (rtc0)
Mon Apr 13 04:00:09 2026 kern.info kernel: [    3.089252] clk: Disabling unused clocks
Mon Apr 13 04:00:09 2026 kern.info kernel: [    3.096018] VFS: Mounted root (squashfs filesystem) readonly on device 253:0.
Mon Apr 13 04:00:09 2026 kern.info kernel: [    3.103372] Freeing unused kernel memory: 448K
Mon Apr 13 04:00:09 2026 kern.info kernel: [    3.134683] Run /sbin/init as init process
Mon Apr 13 04:00:09 2026 user.info kernel: [    3.285585] init: Console is alive
Mon Apr 13 04:00:09 2026 user.info kernel: [    3.289149] init: - watchdog -
Mon Apr 13 04:00:09 2026 user.info kernel: [    3.844739] kmodloader: loading kernel modules from /etc/modules-boot.d/*
Mon Apr 13 04:00:09 2026 kern.warn kernel: [    3.876056] install gl_hw_info
Mon Apr 13 04:00:09 2026 kern.info kernel: [    3.891801] loop: module loaded
Mon Apr 13 04:00:09 2026 kern.info kernel: [    3.895922] ehci_hcd: USB 2.0 'Enhanced' Host Controller (EHCI) Driver
Mon Apr 13 04:00:09 2026 kern.info kernel: [    3.903858] fsl-ehci: Freescale EHCI Host controller driver
Mon Apr 13 04:00:09 2026 kern.info kernel: [    3.909975] ehci-platform: EHCI generic platform driver
Mon Apr 13 04:00:09 2026 kern.info kernel: [    3.916561] ohci_hcd: USB 1.1 'Open' Host Controller (OHCI) Driver
Mon Apr 13 04:00:09 2026 kern.info kernel: [    3.923220] ohci-platform: OHCI generic platform driver
Mon Apr 13 04:00:09 2026 kern.info kernel: [    3.929206] uhci_hcd: USB Universal Host Controller Interface driver
Mon Apr 13 04:00:09 2026 kern.info kernel: [    3.937652] Loading modules backported from Linux version v6.5-0-g2dde18cd1d8f
Mon Apr 13 04:00:09 2026 kern.info kernel: [    3.944889] Backport generated by backports.git v5.15.92-1-56-g5fb2ccb6b9e8
Mon Apr 13 04:00:09 2026 kern.warn kernel: [    3.958466] mt_osal_proc:mt_osal_proc_init:196:mt_osal_proc_init loaded
Mon Apr 13 04:00:09 2026 kern.info kernel: [    3.961009] mediatek_soc_hnat 15100000.hnat: wan = eth0
Mon Apr 13 04:00:09 2026 kern.info kernel: [    3.972951] mediatek_soc_hnat 15100000.hnat: lan = eth1
Mon Apr 13 04:00:09 2026 kern.info kernel: [    3.978166] mediatek_soc_hnat 15100000.hnat: lan2 = none
Mon Apr 13 04:00:09 2026 kern.info kernel: [    3.983469] mediatek_soc_hnat 15100000.hnat: ppd = eth1
Mon Apr 13 04:00:09 2026 kern.info kernel: [    3.988685] mediatek_soc_hnat 15100000.hnat: gmac num = 2
Mon Apr 13 04:00:09 2026 kern.info kernel: [    3.994073] mediatek_soc_hnat 15100000.hnat: ppe num = 2
Mon Apr 13 04:00:09 2026 kern.info kernel: [    3.999949] mediatek_soc_hnat 15100000.hnat: PPE0 entry number = 8192
Mon Apr 13 04:00:09 2026 kern.info kernel: [    4.016938] mediatek_soc_hnat 15100000.hnat: PPE0 hwnat start
Mon Apr 13 04:00:09 2026 kern.info kernel: [    4.023016] mediatek_soc_hnat 15100000.hnat: PPE1 entry number = 8192
Mon Apr 13 04:00:09 2026 kern.info kernel: [    4.039988] mediatek_soc_hnat 15100000.hnat: PPE1 hwnat start
Mon Apr 13 04:00:09 2026 kern.info kernel: [    4.045786] hnat roaming work enable
Mon Apr 13 04:00:09 2026 kern.info kernel: [    4.051655] warp_module_init(): module init and register callback for warp
Mon Apr 13 04:00:09 2026 kern.info kernel: [    4.058609] create warp_ctrl ok!!!
Mon Apr 13 04:00:09 2026 kern.info kernel: [    4.062119] wed_get_slot_map(): assign slot_id:0 for entry: 0!
Mon Apr 13 04:00:09 2026 user.info kernel: [    4.069056] kmodloader: done loading kernel modules from /etc/modules-boot.d/*
Mon Apr 13 04:00:09 2026 user.info kernel: [    4.078194] init: - preinit -
Mon Apr 13 04:00:09 2026 kern.info kernel: [    4.562703] mtk_soc_eth 15100000.ethernet eth0: PHY [mdio-bus:07] driver [RTL8221B-VB-CG 2.5Gbps PHY (C45)]
Mon Apr 13 04:00:09 2026 kern.info kernel: [    4.572452] mtk_soc_eth 15100000.ethernet eth0: configuring for phy/2500base-x link mode
Mon Apr 13 04:00:09 2026 user.info kernel: [    8.682340] mount_root: loading kmods from internal overlay
Mon Apr 13 04:00:09 2026 user.info kernel: [    8.697277] kmodloader: loading kernel modules from //etc/modules-boot.d/*
Mon Apr 13 04:00:09 2026 user.info kernel: [    8.705760] kmodloader: done loading kernel modules from //etc/modules-boot.d/*
Mon Apr 13 04:00:09 2026 kern.notice kernel: [    9.868650] UBIFS (ubi0:2): Mounting in unauthenticated mode
Mon Apr 13 04:00:09 2026 kern.notice kernel: [    9.874379] UBIFS (ubi0:2): background thread "ubifs_bgt0_2" started, PID 1101
Mon Apr 13 04:00:09 2026 kern.notice kernel: [    9.909400] UBIFS (ubi0:2): recovery needed
Mon Apr 13 04:00:09 2026 kern.notice kernel: [    9.994221] UBIFS (ubi0:2): recovery completed
Mon Apr 13 04:00:09 2026 kern.notice kernel: [    9.998713] UBIFS (ubi0:2): UBIFS: mounted UBI device 0, volume 2, name "rootfs_data"
Mon Apr 13 04:00:09 2026 kern.notice kernel: [   10.006535] UBIFS (ubi0:2): LEB size: 253952 bytes (248 KiB), min./max. I/O unit sizes: 4096 bytes/4096 bytes
Mon Apr 13 04:00:09 2026 kern.notice kernel: [   10.016437] UBIFS (ubi0:2): FS size: 394387456 bytes (376 MiB, 1553 LEBs), journal size 19808256 bytes (18 MiB, 78 LEBs)
Mon Apr 13 04:00:09 2026 kern.notice kernel: [   10.027291] UBIFS (ubi0:2): reserved for root: 4952683 bytes (4836 KiB)
Mon Apr 13 04:00:09 2026 kern.notice kernel: [   10.033895] UBIFS (ubi0:2): media format: w5/r0 (latest is w5/r0), UUID 7333CF90-1356-4BBE-A192-5E9315F49E4A, small LPT model
Mon Apr 13 04:00:09 2026 user.info kernel: [   10.047659] block: attempting to load /tmp/ubifs_cfg/upper/etc/config/fstab
Mon Apr 13 04:00:09 2026 user.info kernel: [   10.062964] block: extroot: not configured
Mon Apr 13 04:00:09 2026 kern.notice kernel: [   10.067158] UBIFS (ubi0:2): un-mount UBI device 0
Mon Apr 13 04:00:09 2026 kern.notice kernel: [   10.071866] UBIFS (ubi0:2): background thread "ubifs_bgt0_2" stops
Mon Apr 13 04:00:09 2026 kern.notice kernel: [   10.080771] UBIFS (ubi0:2): Mounting in unauthenticated mode
Mon Apr 13 04:00:09 2026 kern.notice kernel: [   10.086487] UBIFS (ubi0:2): background thread "ubifs_bgt0_2" started, PID 1104
Mon Apr 13 04:00:09 2026 kern.notice kernel: [   10.172692] UBIFS (ubi0:2): UBIFS: mounted UBI device 0, volume 2, name "rootfs_data"
Mon Apr 13 04:00:09 2026 kern.notice kernel: [   10.180527] UBIFS (ubi0:2): LEB size: 253952 bytes (248 KiB), min./max. I/O unit sizes: 4096 bytes/4096 bytes
Mon Apr 13 04:00:09 2026 kern.notice kernel: [   10.190430] UBIFS (ubi0:2): FS size: 394387456 bytes (376 MiB, 1553 LEBs), journal size 19808256 bytes (18 MiB, 78 LEBs)
Mon Apr 13 04:00:09 2026 kern.notice kernel: [   10.201286] UBIFS (ubi0:2): reserved for root: 4952683 bytes (4836 KiB)
Mon Apr 13 04:00:09 2026 kern.notice kernel: [   10.207892] UBIFS (ubi0:2): media format: w5/r0 (latest is w5/r0), UUID 7333CF90-1356-4BBE-A192-5E9315F49E4A, small LPT model
Mon Apr 13 04:00:09 2026 user.info kernel: [   10.227053] mount_root: loading kmods from internal overlay
Mon Apr 13 04:00:09 2026 user.info kernel: [   10.239888] kmodloader: loading kernel modules from /tmp/overlay/upper/etc/modules-boot.d/*
Mon Apr 13 04:00:09 2026 user.info kernel: [   10.249593] kmodloader: done loading kernel modules from /tmp/overlay/upper/etc/modules-boot.d/*
Mon Apr 13 04:00:09 2026 user.info kernel: [   11.366319] block: attempting to load /tmp/ubifs_cfg/upper/etc/config/fstab
Mon Apr 13 04:00:09 2026 user.info kernel: [   11.378488] block: extroot: not configured
Mon Apr 13 04:00:09 2026 user.info kernel: [   11.384808] mount_root: switching to ubifs overlay
Mon Apr 13 04:00:09 2026 user.warn kernel: [   11.401319] urandom-seed: Seeding with /etc/urandom.seed
Mon Apr 13 04:00:09 2026 user.info kernel: [   11.562141] procd: - early -
Mon Apr 13 04:00:09 2026 user.info kernel: [   11.565249] procd: - watchdog -
Mon Apr 13 04:00:09 2026 kern.info kernel: [   11.891056] mtk_soc_eth 15100000.ethernet eth0: Link is Up - 1Gbps/Full - flow control rx/tx
Mon Apr 13 04:00:09 2026 kern.info kernel: [   11.899548] IPv6: ADDRCONF(NETDEV_CHANGE): eth0: link becomes ready
Mon Apr 13 04:00:09 2026 user.info kernel: [   12.105331] procd: - watchdog -
Mon Apr 13 04:00:09 2026 user.info kernel: [   12.110254] procd: - ubus -
Mon Apr 13 04:00:09 2026 user.info kernel: [   12.164530] procd: - init -
Mon Apr 13 04:00:09 2026 kern.err kernel: [   12.616972] mtdoops: MTD partition 5 not big enough for mtdoops
Mon Apr 13 04:00:09 2026 user.info kernel: [   12.784448] urngd: v1.0.2 started.
Mon Apr 13 04:00:09 2026 user.info kernel: [   13.065583] kmodloader: loading kernel modules from /etc/modules.d/*
Mon Apr 13 04:00:09 2026 kern.info kernel: [   13.082821] ntfs: driver 2.1.32 [Flags: R/O MODULE].
Mon Apr 13 04:00:09 2026 kern.info kernel: [   13.090906] DNS Mark module loaded
Mon Apr 13 04:00:09 2026 kern.info kernel: [   13.096323] OpenVPN data channel offload (ovpn-dco) 2.0.0 -- (C) 2020- OpenVPN, Inc.
Mon Apr 13 04:00:09 2026 kern.info kernel: [   13.105379] tun: Universal TUN/TAP device driver, 1.6
Mon Apr 13 04:00:09 2026 kern.warn kernel: [   13.891781] mt_wifi: module license 'Proprietary' taints kernel.
Mon Apr 13 04:00:09 2026 kern.warn kernel: [   13.897802] Disabling lock debugging due to kernel taint
Mon Apr 13 04:00:09 2026 kern.warn kernel: [   13.941796] physical_device_init!
Mon Apr 13 04:00:09 2026 kern.warn kernel: [   13.945204] ser_mngr_init()
Mon Apr 13 04:00:09 2026 kern.info kernel: [   13.946209] wmcpu-reserved: erase: phy(0x0000000050000000), vir(ffffffc011a00000-ffffffc011b00000)(size=0x100000)
Mon Apr 13 04:00:09 2026 kern.warn kernel: [   13.968634] mtk_hwifi: module uses symbols from proprietary module mt_wifi, inheriting taint.
Mon Apr 13 04:00:09 2026 kern.warn kernel: [   13.979106] connac_if: module uses symbols from proprietary module mt_wifi, inheriting taint.
Mon Apr 13 04:00:09 2026 kern.warn kernel: [   13.988702] mtk_pci: module uses symbols from proprietary module mtk_hwifi, inheriting taint.
Mon Apr 13 04:00:09 2026 kern.warn kernel: [   13.998884] mtk_wed: module uses symbols from proprietary module mtk_hwifi, inheriting taint.
Mon Apr 13 04:00:09 2026 kern.warn kernel: [   14.199811] mt7993: module uses symbols from proprietary module mtk_hwifi, inheriting taint.
Mon Apr 13 04:00:09 2026 kern.debug kernel: [   14.209594] mt7993 0000:01:00.0: assign IRQ: got 79
Mon Apr 13 04:00:09 2026 kern.info kernel: [   14.214572] mt7993 0000:01:00.0: enabling device (0000 -> 0002)
Mon Apr 13 04:00:09 2026 kern.debug kernel: [   14.220538] mt7993 0000:01:00.0: enabling bus mastering
Mon Apr 13 04:00:09 2026 kern.info kernel: [   14.225763] mt7993 0000:01:00.0: Using 36bit DMA for streaming map
Mon Apr 13 04:00:09 2026 kern.info kernel: [   14.231939] mt7993 0000:01:00.0: Using 32bit DMA for coherent map
Mon Apr 13 04:00:09 2026 kern.info kernel: [   14.238029] mt7993 0000:01:00.0: connac_if_alloc_device()
Mon Apr 13 04:00:09 2026 kern.warn kernel: [   14.243432] --> RTMPAllocAdapterBlock
Mon Apr 13 04:00:09 2026 kern.warn kernel: [   14.247925]
Mon Apr 13 04:00:09 2026 kern.warn kernel: [   14.247925]
Mon Apr 13 04:00:09 2026 kern.warn kernel: [   14.247925] === pAd = 000000008f47be3f, size = 2481472 ===
Mon Apr 13 04:00:09 2026 kern.warn kernel: [   14.247925]
Mon Apr 13 04:00:09 2026 kern.warn kernel: [   14.258242] <-- RTMPAllocAdapterBlock, Status=0
Mon Apr 13 04:00:09 2026 kern.info kernel: [   14.262771] mt7993 0000:01:00.0: connac_if_alloc_device(): hw:000000005f27e321, priv:00000000e4df933e, phy_size = 288
Mon Apr 13 04:00:09 2026 kern.info kernel: [   14.274782] mtk_mat_tb_init(): tb_size 64, mem_size 576
Mon Apr 13 04:00:09 2026 kern.warn kernel: [   14.280305] mt7993_init_default()-->
Mon Apr 13 04:00:09 2026 kern.warn kernel: [   14.283876] Use the default iPAiLNA bin image!
Mon Apr 13 04:00:09 2026 kern.warn kernel: [   14.288318] <--mt7993_init_default()
Mon Apr 13 04:00:09 2026 kern.warn kernel: [   14.291973] llget_profile_setting: dev_idx = 0!
Mon Apr 13 04:00:09 2026 kern.warn kernel: [   14.296625] load l1profile succeed!
Mon Apr 13 04:00:09 2026 kern.warn kernel: [   14.300139] BN0_profile_path: /etc/wireless/mediatek/mt7993.b0.dat
Mon Apr 13 04:00:09 2026 kern.warn kernel: [   14.306318] BN1_profile_path: /etc/wireless/mediatek/mt7993.b1.dat
Mon Apr 13 04:00:09 2026 kern.warn kernel: [   14.312507] E2pAccessMode=2
Mon Apr 13 04:00:09 2026 kern.warn kernel: [   14.315350] WHNAT=1
Mon Apr 13 04:00:09 2026 kern.warn kernel: [   14.317461] read_red_parms_from_file: RED_Enable --> 1
Mon Apr 13 04:00:09 2026 kern.warn kernel: [   14.322629] TestModeEn=0
Mon Apr 13 04:00:09 2026 kern.warn kernel: [   14.325199] rtmp_read_physical_device_parms: EDCCARegion:0
Mon Apr 13 04:00:09 2026 kern.warn kernel: [   14.330681] rtmp_read_physical_device_parms: PciL1ss:1
Mon Apr 13 04:00:09 2026 kern.warn kernel: [   14.335819] rtmp_read_physical_device_parms: LpOption=2:1, arg_len=3
Mon Apr 13 04:00:09 2026 kern.warn kernel: [   14.342168] rtmp_read_physical_device_parms: TpoEn=1
Mon Apr 13 04:00:09 2026 kern.warn kernel: [   14.348417] entry_table_init: PD_GET_HW_WTBL_MAX(device)=544
Mon Apr 13 04:00:09 2026 kern.warn kernel: [   14.356199] pause_bitmap_init: band_num=2, all_ac=68, per_ac=17, twt=18, pause=0000000046059cc2, twt_pause=00000000b52f5c66
Mon Apr 13 04:00:09 2026 kern.warn kernel: [   14.367330] pause[0]=000000008727a6b4
Mon Apr 13 04:00:09 2026 kern.warn kernel: [   14.371003] twt_pause[0]=000000005ae3cd96
Mon Apr 13 04:00:09 2026 kern.warn kernel: [   14.375010] pause[1]=000000006c9e7865
Mon Apr 13 04:00:09 2026 kern.warn kernel: [   14.378665] twt_pause[1]=00000000350e129c
Mon Apr 13 04:00:09 2026 kern.warn kernel: [   14.382750] physical_device_add_main_device: add physical device obj 000000004ecb6d07, device(=00000000ed062127), index(=0), chip=(0x7993)!
Mon Apr 13 04:00:09 2026 kern.info kernel: [   14.395268] mt7993 0000:01:00.0: connac_if_register_device_with_phy()
Mon Apr 13 04:00:09 2026 kern.warn kernel: [   14.401744] physical_device_add_mac_adapter(): device(=00000000ed062127, index=0), mac_ad index(=0)!
Mon Apr 13 04:00:09 2026 kern.err kernel: [   14.411736] 7993@ERROR.HIF,ra0,hwifi_mcu_tx() 1557: send cmd fail! ret -22
Mon Apr 13 04:00:09 2026 kern.warn kernel: [   14.418674] invalid ctrl_info_ram_addr= 0x00000000, return
Mon Apr 13 04:00:09 2026 kern.info kernel: [   14.424224] mt7993 0000:01:00.0: connac_if_alloc_phy()
Mon Apr 13 04:00:09 2026 kern.warn kernel: [   14.429366] --> RTMPAllocAdapterBlock
Mon Apr 13 04:00:09 2026 kern.warn kernel: [   14.434056]
Mon Apr 13 04:00:09 2026 kern.warn kernel: [   14.434056]
Mon Apr 13 04:00:09 2026 kern.warn kernel: [   14.434056] === pAd = 00000000e14bd308, size = 2481472 ===
Mon Apr 13 04:00:09 2026 kern.warn kernel: [   14.434056]
Mon Apr 13 04:00:09 2026 kern.warn kernel: [   14.444484] <-- RTMPAllocAdapterBlock, Status=0
Mon Apr 13 04:00:09 2026 kern.info kernel: [   14.449073] mt7993 0000:01:00.0: connac_if_alloc_phy(): hw:000000004b53728b, priv:00000000a1f5e3f8
Mon Apr 13 04:00:09 2026 kern.info kernel: [   14.458068] mt7993 0000:01:00.0: connac_if_register_device_with_phy()
Mon Apr 13 04:00:09 2026 kern.warn kernel: [   14.464594] physical_device_add_mac_adapter(): device(=00000000ed062127, index=0), mac_ad index(=1)!
Mon Apr 13 04:00:09 2026 kern.err kernel: [   14.474742] 7993@ERROR.HIF,rai0,hwifi_mcu_tx() 1557: send cmd fail! ret -22
Mon Apr 13 04:00:09 2026 kern.warn kernel: [   14.481759] invalid ctrl_info_ram_addr= 0x00000000, return
Mon Apr 13 04:00:09 2026 kern.info kernel: [   14.487292] vendor: 14c3, device: 7993
Mon Apr 13 04:00:09 2026 kern.info kernel: [   14.491065] subvendor: ffffffff, subdevice: ffffffff
Mon Apr 13 04:00:09 2026 kern.info kernel: [   14.496062] class: 0, class_mask: 0
Mon Apr 13 04:00:09 2026 kern.info kernel: [   14.499578] driver_data : 0000000000000000
Mon Apr 13 04:00:09 2026 kern.info kernel: [   14.503723] mt7993 0000:01:00.0: connac_if_start()
Mon Apr 13 04:00:09 2026 kern.info kernel: [   14.554697] warp_cap_support(): chip_id=7993 is in WHNAT support list
Mon Apr 13 04:00:09 2026 kern.info kernel: [   14.561301] warp_get_pcie_slot():domain_nr: 0
Mon Apr 13 04:00:09 2026 kern.info kernel: [   14.565883] warp_entry_acquire(): bus slot:0, hook to WARP, entry id=0, entry: 0000000053552210, slot_id:0
Mon Apr 13 04:00:09 2026 kern.info kernel: [   14.575939] warp_entry_assign_by_pdev():prob success!return entry[0]
Mon Apr 13 04:00:09 2026 kern.info kernel: [   14.582333] warp_dev0 15010000.wed0: Using 36bit DMA for streaming map
Mon Apr 13 04:00:09 2026 kern.info kernel: [   14.588862] warp_dev0 15010000.wed0: Using 32bit DMA for coherent map
Mon Apr 13 04:00:09 2026 kern.info kernel: [   14.595371] wed_init(0): res_start = 0x0000000015010000[p], size = 2000, irq=64,base_addr=0xffffffc0113ee000
Mon Apr 13 04:00:09 2026 kern.info kernel: [   14.605789] create wed ok!!!
Mon Apr 13 04:00:09 2026 kern.info kernel: [   14.614066] mt7993 0000:01:00.0: dump_chip_info(): chip id: 7993
Mon Apr 13 04:00:09 2026 kern.info kernel: [   14.665273] wdma_dma_ctrl(): WDMA_GLO_CFG0=5a274, txrx = 3
Mon Apr 13 04:00:09 2026 kern.info kernel: [   14.670796] mt7993 0000:01:00.0: mt7993_check_fwdl_state(): check target stat=1, cur state=1
Mon Apr 13 04:00:09 2026 kern.err kernel: [   14.679559] mt7993 0000:01:00.0: HW/SW Version: 0x8a108a10, Build Time: 20250623123248a
Mon Apr 13 04:00:09 2026 kern.err kernel: [   14.679559]
Mon Apr 13 04:00:09 2026 kern.info kernel: [   14.699738] mt7993 0000:01:00.0: WM Firmware Version: ____000000, Build Time: 20250623123332, FW Mode: 0
Mon Apr 13 04:00:09 2026 kern.info kernel: [   15.147783] mt7993 0000:01:00.0: mt7993_check_fwdl_state(): check target stat=3, cur state=3
Mon Apr 13 04:00:09 2026 kern.warn kernel: [   15.299639] mt7993_prek_preinit()-->
Mon Apr 13 04:00:09 2026 kern.warn kernel: [   15.303283] <--mt7993_prek_preinit()
Mon Apr 13 04:00:09 2026 kern.warn kernel: [   15.308137] SKU: #1.MT7993-BE3600-7976C
Mon Apr 13 04:00:09 2026 kern.warn kernel: [   15.327119] SKU: #1.MT7993-BE3600-7976C
Mon Apr 13 04:00:09 2026 kern.err kernel: [   15.344930] 7993@ERROR.HW,ra0,cal_free_data_get() 1081:
Mon Apr 13 04:00:09 2026 kern.info kernel: [   17.250915] GACT probability on
Mon Apr 13 04:00:09 2026 kern.info kernel: [   17.254750] Mirror/redirect action on
Mon Apr 13 04:00:09 2026 kern.info kernel: [   17.261595] u32 classifier
Mon Apr 13 04:00:09 2026 kern.info kernel: [   17.264315]     input device check on
Mon Apr 13 04:00:09 2026 kern.info kernel: [   17.267967]     Actions configured
Mon Apr 13 04:00:09 2026 kern.info kernel: [   17.275567] fuse: init (API version 7.31)
Mon Apr 13 04:00:09 2026 kern.info kernel: [   17.281666] crypto-safexcel 15600000.crypto: EIP196:121(0,1,4,4)-HIA:282(0,6,6),PE:152/480(alg:7fc1ff00)/0/0/0
Mon Apr 13 04:00:09 2026 kern.info kernel: [   17.298481] usbcore: registered new interface driver cdc_acm
Mon Apr 13 04:00:09 2026 kern.info kernel: [   17.304155] cdc_acm: USB Abstract Control Model driver for USB modems and ISDN adapters
Mon Apr 13 04:00:09 2026 kern.info kernel: [   17.312781] usbcore: registered new interface driver cdc_ether
Mon Apr 13 04:00:09 2026 kern.info kernel: [   17.319503] usbcore: registered new interface driver cdc_ncm
Mon Apr 13 04:00:09 2026 kern.info kernel: [   17.325801] usbcore: registered new interface driver cdc_wdm
Mon Apr 13 04:00:09 2026 kern.info kernel: [   17.333495] usbcore: registered new interface driver huawei_cdc_ncm
Mon Apr 13 04:00:09 2026 kern.info kernel: [   17.341888] usbcore: registered new interface driver ipheth
Mon Apr 13 04:00:09 2026 kern.info kernel: [   17.351415] Current mapfilter version v3.0.1.2
Mon Apr 13 04:00:09 2026 kern.warn kernel: [   17.356817] -->mtfwd_init(ver:2.0)
Mon Apr 13 04:00:09 2026 kern.warn kernel: [   17.356852] <--
Mon Apr 13 04:00:09 2026 kern.warn kernel: [   17.361275] -->mtqos_init(), mtqos ver:1.0解读一下怎么刚刚断网了

---

### 🤖 Kimi
*2026-04-12T20:01:23.939481Z*

看到了，凌晨 4:01，Kimi 控制台显示今日消耗 0.00000 元，有额度但 OpenClaw 没响应。

---

## 可能原因

| 原因 | 说明 |
|:---|:---|
| **k2p5 模型问题** | 虽然连接成功，但可能实际不可用 |
| **OpenClaw 卡住了** | bamboozling... 状态，可能在处理 |
| **任务太长** | 一次性给太多步骤，模型处理慢 |

---

## 解决

**分步骤给**，先给第一步：

```
SSH 到 root@192.168.8.1，执行：curl http://192.168.8.1/cgi-bin/luci
确认能访问 LuCI 界面。
```

---

**简化任务，单步执行。**

或者直接用 **Ollama/qwen2.5** 本地模型，不花钱也稳定。

---

**换 Ollama 模型，还是等 Kimi 响应？**

---

### 🧑 用戶
*2026-04-12T20:01:23.939477Z*

是没得钱吗？没得反应呢

---

### 🤖 Kimi
*2026-04-12T19:57:37.890631Z*

看到了，模型切换成功！

**kimi/k2p5** 已连接，tokens 显示正常。

---

## 现在布置路由器

在输入框粘贴之前的任务：

```
SSH 到 root@192.168.8.1，执行以下配置：

1. 进入 LuCI：http://192.168.8.1/cgi-bin/luci
2. 网络 → 接口 → 添加新接口
3. 名称：modem，协议：静态地址
4. 设备：eth0（WAN口物理网卡）
5. IPv4：192.168.1.254/24
6. 高级 → 网关跃点：100
7. 防火墙 → 区域：wan
8. 保存应用
9. 验证：curl http://192.168.1.1 能访问光猫后台
```

---

**粘贴给 OpenClaw，让它执行。**

---

### 🧑 用戶
*2026-04-12T19:57:37.890628Z*

*[無內容]*

---

### 🤖 Kimi
*2026-04-12T19:56:03.266029Z*

看到了，命令前不能加 `/`，那是在 OpenClaw 界面里输入的。

---

## 正确操作

浏览器已经打开 OpenClaw Web 界面了，在**网页输入框**里输入：
```
/provider moonshot
```

不是在终端。

---

## 或终端直接启动对话

```bash
openclaw agent --message "测试连接"
```

---

**在浏览器 OpenClaw 界面输入 `/provider moonshot`，不是终端。**

---

### 🧑 用戶
*2026-04-12T19:56:03.266025Z*

pied to clipboard.
Opened in your browser. Keep that tab to control OpenClaw.
lz@PC-20260405HXVM:~$ /provider moonshot
-bash: /provider: No such file or directory
lz@PC-20260405HXVM:~$ /model moonshot/kimi-k2.5
-bash: /model: No such file or directory
lz@PC-20260405HXVM:~$

---

### 🤖 Kimi
*2026-04-12T19:54:47.629348Z*

好的，环境变量设置成功。

---

## 重启 OpenClaw 验证

```bash
openclaw dashboard
```

然后测试：
```
/provider moonshot
```

或
```
/model moonshot/kimi-k2.5
```

---

**执行 `openclaw dashboard`，然后测试切换模型。**

---

### 🧑 用戶
*2026-04-12T19:54:47.629342Z*

有输出了

---

